Generating predictions for images in ../Create Labels/test_image using model model_svm.pkl...
 Saved predictions completely to model_svm.pkl_predictions.csv
========================================
csk_vs_mi_2.jpg (model_svm.pkl): counted players = 3
Cluster information: {'RCB': 1, 'CSK': 1, 'MI': 1}
----------------------------------------
lsg.jpg (model_svm.pkl): counted players = 3
Cluster information: {'SRH': 2, 'GT': 1}
----------------------------------------
mmb_SRH_vs_RCB_5.jpg (model_svm.pkl): counted players = 4
Cluster information: {'PBKS': 1, 'SRH': 3}
----------------------------------------
Generating predictions for images in ../Create Labels/test_image using model model_xgb.pkl...
 Saved predictions completely to model_xgb.pkl_predictions.csv
========================================
csk_vs_mi_2.jpg (model_xgb.pkl): counted players = 9
Cluster information: {'RCB': 3, 'GT': 4, 'CSK': 1, 'MI': 1}
----------------------------------------
lsg.jpg (model_xgb.pkl): counted players = 4
Cluster information: {'PBKS': 2, 'DC': 1, 'MI': 1}
----------------------------------------
mmb_SRH_vs_RCB_5.jpg (model_xgb.pkl): counted players = 7
Cluster information: {'SRH': 7}
----------------------------------------
Generating predictions for images in ../Create Labels/test_image using model model_rf.pkl...
 Saved predictions completely to model_rf.pkl_predictions.csv
========================================
csk_vs_mi_2.jpg (model_rf.pkl): counted players = 11
Cluster information: {'RCB': 2, 'KKR': 1, 'GT': 6, 'CSK': 1, 'MI': 1}
----------------------------------------
lsg.jpg (model_rf.pkl): counted players = 3
Cluster information: {'GT': 1, 'SRH': 1, 'MI': 1}
----------------------------------------
mmb_SRH_vs_RCB_5.jpg (model_rf.pkl): counted players = 5
Cluster information: {'SRH': 4, 'GT': 1}
----------------------------------------
Generating predictions for images in ../Create Labels/test_image using model model_lr.pkl...
 Saved predictions completely to model_lr.pkl_predictions.csv
========================================
csk_vs_mi_2.jpg (model_lr.pkl): counted players = 10
Cluster information: {'RCB': 2, 'KKR': 1, 'GT': 5, 'CSK': 1, 'MI': 1}
----------------------------------------
lsg.jpg (model_lr.pkl): counted players = 4
Cluster information: {'SRH': 2, 'GT': 1, 'CSK': 1}
----------------------------------------
mmb_SRH_vs_RCB_5.jpg (model_lr.pkl): counted players = 7
Cluster information: {'SRH': 4, 'PBKS': 1, 'KKR': 2}
----------------------------------------
