Generating predictions for images in ../Create Labels/test_image using model model_svm.pkl...
 Saved predictions completely to model_svm.pkl_predictions.csv
========================================
csk_vs_mi_2.jpg (model_svm.pkl): counted players = 8
Cluster information: {'RCB': 2, 'GT': 4, 'CSK': 1, 'MI': 1}
----------------------------------------
lsg.jpg (model_svm.pkl): counted players = 4
Cluster information: {'PBKS': 1, 'GT': 1, 'DC': 1, 'SRH': 1}
----------------------------------------
mmb_SRH_vs_RCB_5.jpg (model_svm.pkl): counted players = 7
Cluster information: {'SRH': 6, 'RCB': 1}
----------------------------------------
Generating predictions for images in ../Create Labels/test_image using model model_xgb.pkl...
 Saved predictions completely to model_xgb.pkl_predictions.csv
========================================
csk_vs_mi_2.jpg (model_xgb.pkl): counted players = 6
Cluster information: {'RCB': 1, 'GT': 3, 'CSK': 1, 'MI': 1}
----------------------------------------
lsg.jpg (model_xgb.pkl): counted players = 5
Cluster information: {'MI': 1, 'PBKS': 1, 'DC': 1, 'RCB': 1, 'SRH': 1}
----------------------------------------
mmb_SRH_vs_RCB_5.jpg (model_xgb.pkl): counted players = 7
Cluster information: {'SRH': 7}
----------------------------------------
Generating predictions for images in ../Create Labels/test_image using model model_rf.pkl...
 Saved predictions completely to model_rf.pkl_predictions.csv
========================================
csk_vs_mi_2.jpg (model_rf.pkl): counted players = 12
Cluster information: {'PBKS': 1, 'KKR': 2, 'RCB': 1, 'GT': 6, 'CSK': 1, 'MI': 1}
----------------------------------------
lsg.jpg (model_rf.pkl): counted players = 4
Cluster information: {'MI': 2, 'DC': 1, 'RCB': 1}
----------------------------------------
mmb_SRH_vs_RCB_5.jpg (model_rf.pkl): counted players = 6
Cluster information: {'SRH': 6}
----------------------------------------
Generating predictions for images in ../Create Labels/test_image using model model_lr.pkl...
 Saved predictions completely to model_lr.pkl_predictions.csv
========================================
csk_vs_mi_2.jpg (model_lr.pkl): counted players = 11
Cluster information: {'RCB': 2, 'KKR': 1, 'GT': 6, 'CSK': 1, 'MI': 1}
----------------------------------------
lsg.jpg (model_lr.pkl): counted players = 2
Cluster information: {'MI': 1, 'SRH': 1}
----------------------------------------
mmb_SRH_vs_RCB_5.jpg (model_lr.pkl): counted players = 8
Cluster information: {'SRH': 5, 'LSG': 1, 'KKR': 1, 'PBKS': 1}
----------------------------------------
