Original feature dimension: 526

============================================================
Training SVM Pipeline...
============================================================
Adding PCA (90% variance) to SVM pipeline architecture...
SVM - feature dimension before PCA: 526
SVM - PCA reduced feature dimension to: 139


Evaluating SVM...
SVM Classification Report test:
              precision    recall  f1-score   support

           0       0.58      0.80      0.67       400
           1       0.88      0.68      0.77        95
           2       0.62      0.51      0.56       200
           3       0.56      0.57      0.57       200
           4       0.70      0.67      0.68       200
           5       0.58      0.54      0.56       200
           6       0.63      0.63      0.63       200
           7       0.40      0.35      0.37       200
           8       0.61      0.52      0.56       200
           9       0.43      0.38      0.41       200
          10       0.62      0.62      0.62       200

    accuracy                           0.59      2295
   macro avg       0.60      0.57      0.58      2295
weighted avg       0.59      0.59      0.58      2295

SVM Classification Report train:
              precision    recall  f1-score   support

           0       1.00      1.00      1.00      1600
           1       1.00      1.00      1.00       378
           2       1.00      1.00      1.00       800
           3       1.00      1.00      1.00       800
           4       1.00      1.00      1.00       800
           5       1.00      1.00      1.00       800
           6       1.00      1.00      1.00       800
           7       1.00      1.00      1.00       800
           8       1.00      1.00      1.00       800
           9       1.00      1.00      1.00       800
          10       1.00      1.00      1.00       800

    accuracy                           1.00      9178
   macro avg       1.00      1.00      1.00      9178
weighted avg       1.00      1.00      1.00      9178

SVM integrated pipeline saved to model_svm.pkl

============================================================
Training LOGISTIC_REGRESSION Pipeline...
============================================================
Adding PCA (90% variance) to LOGISTIC_REGRESSION pipeline architecture...
LOGISTIC_REGRESSION - feature dimension before PCA: 526
LOGISTIC_REGRESSION - PCA reduced feature dimension to: 139


Evaluating LOGISTIC_REGRESSION...
LOGISTIC_REGRESSION Classification Report test:
              precision    recall  f1-score   support

           0       0.66      0.55      0.60       400
           1       0.58      0.82      0.68        95
           2       0.59      0.51      0.55       200
           3       0.52      0.61      0.56       200
           4       0.66      0.66      0.66       200
           5       0.50      0.52      0.51       200
           6       0.52      0.64      0.57       200
           7       0.42      0.36      0.39       200
           8       0.61      0.57      0.59       200
           9       0.42      0.37      0.39       200
          10       0.61      0.69      0.65       200

    accuracy                           0.56      2295
   macro avg       0.55      0.57      0.56      2295
weighted avg       0.56      0.56      0.56      2295

LOGISTIC_REGRESSION Classification Report train:
              precision    recall  f1-score   support

           0       0.70      0.56      0.63      1600
           1       0.70      0.93      0.80       378
           2       0.62      0.58      0.60       800
           3       0.58      0.69      0.63       800
           4       0.72      0.73      0.72       800
           5       0.60      0.63      0.62       800
           6       0.62      0.71      0.66       800
           7       0.44      0.39      0.41       800
           8       0.63      0.64      0.64       800
           9       0.46      0.39      0.42       800
          10       0.60      0.70      0.65       800

    accuracy                           0.61      9178
   macro avg       0.61      0.63      0.62      9178
weighted avg       0.61      0.61      0.61      9178

LOGISTIC_REGRESSION integrated pipeline saved to model_lr.pkl

============================================================
Training XGB Pipeline...
============================================================
Skipping PCA for XGB (retaining raw scale-invariant feature space)...

Evaluating XGB...
XGB Classification Report test:
              precision    recall  f1-score   support

           0       0.74      0.82      0.78       400
           1       0.78      0.84      0.81        95
           2       0.77      0.66      0.71       200
           3       0.67      0.72      0.70       200
           4       0.86      0.80      0.83       200
           5       0.67      0.76      0.71       200
           6       0.73      0.80      0.76       200
           7       0.59      0.53      0.56       200
           8       0.73      0.66      0.69       200
           9       0.60      0.53      0.56       200
          10       0.79      0.81      0.80       200

    accuracy                           0.72      2295
   macro avg       0.72      0.72      0.72      2295
weighted avg       0.72      0.72      0.72      2295

XGB Classification Report train:
              precision    recall  f1-score   support

           0       1.00      1.00      1.00      1600
           1       1.00      1.00      1.00       378
           2       1.00      1.00      1.00       800
           3       1.00      1.00      1.00       800
           4       1.00      1.00      1.00       800
           5       1.00      1.00      1.00       800
           6       1.00      1.00      1.00       800
           7       1.00      1.00      1.00       800
           8       1.00      1.00      1.00       800
           9       1.00      1.00      1.00       800
          10       1.00      1.00      1.00       800

    accuracy                           1.00      9178
   macro avg       1.00      1.00      1.00      9178
weighted avg       1.00      1.00      1.00      9178

XGB integrated pipeline saved to model_xgb.pkl

============================================================
Training RF Pipeline...
============================================================
Skipping PCA for RF (retaining raw scale-invariant feature space)...

Evaluating RF...
RF Classification Report test:
              precision    recall  f1-score   support

           0       0.67      0.79      0.73       400
           1       0.80      0.83      0.81        95
           2       0.74      0.59      0.66       200
           3       0.57      0.72      0.64       200
           4       0.73      0.72      0.73       200
           5       0.59      0.68      0.63       200
           6       0.65      0.77      0.70       200
           7       0.64      0.33      0.43       200
           8       0.64      0.56      0.60       200
           9       0.55      0.36      0.44       200
          10       0.66      0.79      0.72       200

    accuracy                           0.65      2295
   macro avg       0.66      0.65      0.64      2295
weighted avg       0.65      0.65      0.64      2295

RF Classification Report train:
              precision    recall  f1-score   support

           0       1.00      0.99      1.00      1600
           1       1.00      1.00      1.00       378
           2       1.00      1.00      1.00       800
           3       0.99      1.00      1.00       800
           4       1.00      1.00      1.00       800
           5       1.00      1.00      1.00       800
           6       1.00      1.00      1.00       800
           7       1.00      1.00      1.00       800
           8       1.00      0.99      1.00       800
           9       1.00      1.00      1.00       800
          10       0.99      1.00      1.00       800

    accuracy                           1.00      9178
   macro avg       1.00      1.00      1.00      9178
weighted avg       1.00      1.00      1.00      9178

RF integrated pipeline saved to model_rf.pkl


============================================================
All models trained, selectively optimized with PCA, and exported successfully!
============================================================
